[dotenv@17.3.1] injecting env (2) from .env.local -- tip: ­ƒñû agentic secret storage: https://dotenvx.com/as2
­ƒÜÇ Testing Nano Banana 2 (Image Gen) via Vision Pipeline logic...
node : ÔØî Test 
failed: genAI.getGenera
tiveModel is not a 
function
At line:1 char:1
+ node test-studio.mjs 
> test_output.txt 2>&1
+ ~~~~~~~~~~~~~~~~~~~~~
~~~~~~~~~~~~~~~~~~~~~~
    + CategoryInfo     
         : NotSpecifi  
  ed: (ÔØî Test fail   
 ed... not a functi    
on:String) [], Rem    
oteException
    + FullyQualifiedEr 
   rorId : NativeComm  
  andError
 
TypeError: genAI.getGen
erativeModel is not a 
function
    at testStudio (file
:///C:/Users/edogu/Down
loads/prograde-quasar/p
rograde-quasar/test-stu
dio.mjs:17:29)
    at file:///C:/Users
/edogu/Downloads/progra
de-quasar/prograde-quas
ar/test-studio.mjs:62:1
    at ModuleJob.run (n
ode:internal/modules/es
m/module_job:430:25)
    at async node:inter
nal/modules/esm/loader:
639:26
    at async asyncRunEn
tryPointWithESMLoader (
node:internal/modules/r
un_main:101:5)
